MobileViT run: execution tokens=2, token slots=2
make: Entering directory '/home/ivan/repos/MAPS'
./.venv/bin/python -m maps.cli build /home/ivan/repos/maps-experiments/workloads/mobilevit/model/mobilevit-nodes-170-179.onnx \
	--target magia-v3 \
	--mesh 32x32 \
	--token-slots 2 \
	--stage-latency-weight 1.0 \
	--communication-weight 1.0 \
	--name maps_mobilevit_slice \
	--input /base_module/stages/stages.4/stages.4.1/Reshape_1_output_0=/home/ivan/repos/maps-experiments/workloads/mobilevit/results/20261001T092930.842646048Z/prepared/inputs.bin \
	--output /home/ivan/repos/maps-experiments/workloads/mobilevit/results/20261001T092930.842646048Z/32x32/maps-application
Planning mobilevit-nodes-170-179.onnx for magia-v3 on a 32x32 Mesh...
[stage formation] selected_stages=8
[allocation] phase=initial_l1_seeding
[allocation] seed stage=0 choose tile_count=1 logical_shape=(1, 1)
[allocation] seed stage=1 choose tile_count=1 logical_shape=(1, 1)
[allocation] seed stage=2 choose tile_count=1 logical_shape=(1, 1)
[allocation] seed stage=3 choose tile_count=1 logical_shape=(1, 1)
[allocation] seed stage=4 choose tile_count=1 logical_shape=(1, 1)
[allocation] seed stage=5 choose tile_count=1 logical_shape=(1, 1)
[allocation] seed stage=6 choose tile_count=1 logical_shape=(1, 1)
[allocation] seed stage=7 choose tile_count=1 logical_shape=(1, 1)
[allocation] sweep=1 objective=((475868.0, 245974.0, 90148.0, 29163.0, 26504.0, 17352.0, 9650.0, 7436.0), 8) used_tiles=8/1024
[allocation] sweep=1 stage=0 tile_counts=(1, 2, 3, 4, 5, 7, 8, 9, 15, 16, 17, 31, 32, 33, 63, 64, 65, 127, 128, 129, 255, 256, 257, 511, 512, 513, 1017)
[allocation] sweep=1 stage=1 tile_counts=(1, 2, 3, 4, 5, 7, 8, 9, 15, 16, 17, 31, 32, 33, 63, 64, 65, 127, 128, 129, 255, 256, 257, 511, 512, 513, 1017)
[allocation] sweep=1 stage=2 tile_counts=(1, 2, 3, 4, 5, 7, 8, 9, 15, 16, 17, 31, 32, 33, 63, 64, 65, 127, 128, 129, 255, 256, 257, 511, 512, 513, 1017)
[allocation] sweep=1 stage=3 tile_counts=(1, 2, 3, 4, 5, 7, 8, 9, 15, 16, 17, 31, 32, 33, 63, 64, 65, 127, 128, 129, 255, 256, 257, 511, 512, 513, 1017)
[allocation] sweep=1 stage=4 tile_counts=(1, 2, 3, 4, 5, 7, 8, 9, 15, 16, 17, 31, 32, 33, 63, 64, 65, 127, 128, 129, 255, 256, 257, 511, 512, 513, 1017)
[allocation] sweep=1 stage=5 tile_counts=(1, 2, 3, 4, 5, 7, 8, 9, 15, 16, 17, 31, 32, 33, 63, 64, 65, 127, 128, 129, 255, 256, 257, 511, 512, 513, 1017)
[allocation] sweep=1 stage=6 tile_counts=(1, 2, 3, 4, 5, 7, 8, 9, 15, 16, 17, 31, 32, 33, 63, 64, 65, 127, 128, 129, 255, 256, 257, 511, 512, 513, 1017)
[allocation] sweep=1 stage=7 tile_counts=(1, 2, 3, 4, 5, 7, 8, 9, 15, 16, 17, 31, 32, 33, 63, 64, 65, 127, 128, 129, 255, 256, 257, 511, 512, 513, 1017)
[allocation] sweep=1 phase=tile_exchanges
[allocation] selected_tile_counts={0: 1, 1: 9, 2: 1, 3: 1, 4: 1, 5: 1, 6: 1, 7: 1} objective=((245974.0, 90148.0, 59124.0, 49259.0, 42504.0, 17352.0, 9650.0, 7436.0), 16) used_tiles=16/1024
[allocation] sweep=2 objective=((245974.0, 90148.0, 59124.0, 49259.0, 42504.0, 17352.0, 9650.0, 7436.0), 16) used_tiles=16/1024
[allocation] sweep=2 stage=0 tile_counts=(1, 2, 3, 4, 5, 7, 8, 9, 15, 16, 17, 31, 32, 33, 63, 64, 65, 127, 128, 129, 255, 256, 257, 511, 512, 513, 1009)
[allocation] sweep=2 stage=1 tile_counts=(1, 2, 3, 4, 5, 7, 8, 9, 10, 15, 16, 17, 18, 31, 32, 33, 63, 64, 65, 127, 128, 129, 255, 256, 257, 511, 512, 513, 1017)
[allocation] sweep=2 stage=2 tile_counts=(1, 2, 3, 4, 5, 7, 8, 9, 15, 16, 17, 31, 32, 33, 63, 64, 65, 127, 128, 129, 255, 256, 257, 511, 512, 513, 1009)
[allocation] sweep=2 stage=3 tile_counts=(1, 2, 3, 4, 5, 7, 8, 9, 15, 16, 17, 31, 32, 33, 63, 64, 65, 127, 128, 129, 255, 256, 257, 511, 512, 513, 1009)
[allocation] sweep=2 stage=4 tile_counts=(1, 2, 3, 4, 5, 7, 8, 9, 15, 16, 17, 31, 32, 33, 63, 64, 65, 127, 128, 129, 255, 256, 257, 511, 512, 513, 1009)
[allocation] sweep=2 stage=5 tile_counts=(1, 2, 3, 4, 5, 7, 8, 9, 15, 16, 17, 31, 32, 33, 63, 64, 65, 127, 128, 129, 255, 256, 257, 511, 512, 513, 1009)
[allocation] sweep=2 stage=6 tile_counts=(1, 2, 3, 4, 5, 7, 8, 9, 15, 16, 17, 31, 32, 33, 63, 64, 65, 127, 128, 129, 255, 256, 257, 511, 512, 513, 1009)
[allocation] sweep=2 stage=7 tile_counts=(1, 2, 3, 4, 5, 7, 8, 9, 15, 16, 17, 31, 32, 33, 63, 64, 65, 127, 128, 129, 255, 256, 257, 511, 512, 513, 1009)
[allocation] sweep=2 phase=tile_exchanges
[allocation] selected_tile_counts={0: 1, 1: 9, 2: 1, 3: 1, 4: 1, 5: 1, 6: 1, 7: 9} objective=((90148.0, 59124.0, 49259.0, 42504.0, 37448.0, 36053.0, 9650.0, 7436.0), 24) used_tiles=24/1024
[allocation] sweep=3 objective=((90148.0, 59124.0, 49259.0, 42504.0, 37448.0, 36053.0, 9650.0, 7436.0), 24) used_tiles=24/1024
[allocation] sweep=3 stage=0 tile_counts=(1, 2, 3, 4, 5, 7, 8, 9, 15, 16, 17, 31, 32, 33, 63, 64, 65, 127, 128, 129, 255, 256, 257, 511, 512, 513, 1001)
[allocation] sweep=3 stage=1 tile_counts=(1, 2, 3, 4, 5, 7, 8, 9, 10, 15, 16, 17, 18, 31, 32, 33, 63, 64, 65, 127, 128, 129, 255, 256, 257, 511, 512, 513, 1009)
[allocation] sweep=3 stage=2 tile_counts=(1, 2, 3, 4, 5, 7, 8, 9, 15, 16, 17, 31, 32, 33, 63, 64, 65, 127, 128, 129, 255, 256, 257, 511, 512, 513, 1001)
[allocation] sweep=3 stage=3 tile_counts=(1, 2, 3, 4, 5, 7, 8, 9, 15, 16, 17, 31, 32, 33, 63, 64, 65, 127, 128, 129, 255, 256, 257, 511, 512, 513, 1001)
[allocation] sweep=3 stage=4 tile_counts=(1, 2, 3, 4, 5, 7, 8, 9, 15, 16, 17, 31, 32, 33, 63, 64, 65, 127, 128, 129, 255, 256, 257, 511, 512, 513, 1001)
[allocation] sweep=3 stage=5 tile_counts=(1, 2, 3, 4, 5, 7, 8, 9, 15, 16, 17, 31, 32, 33, 63, 64, 65, 127, 128, 129, 255, 256, 257, 511, 512, 513, 1001)
[allocation] sweep=3 stage=6 tile_counts=(1, 2, 3, 4, 5, 7, 8, 9, 15, 16, 17, 31, 32, 33, 63, 64, 65, 127, 128, 129, 255, 256, 257, 511, 512, 513, 1001)
[allocation] sweep=3 stage=7 tile_counts=(1, 2, 3, 4, 5, 7, 8, 9, 10, 15, 16, 17, 18, 31, 32, 33, 63, 64, 65, 127, 128, 129, 255, 256, 257, 511, 512, 513, 1009)
[allocation] sweep=3 phase=tile_exchanges
[allocation] selected_tile_counts={0: 1, 1: 9, 2: 1, 3: 1, 4: 4, 5: 1, 6: 1, 7: 9} objective=((59124.0, 49259.0, 48504.0, 43480.0, 36053.0, 33133.0, 15650.0, 7436.0), 27) used_tiles=27/1024
[allocation] sweep=4 objective=((59124.0, 49259.0, 48504.0, 43480.0, 36053.0, 33133.0, 15650.0, 7436.0), 27) used_tiles=27/1024
[allocation] sweep=4 stage=0 tile_counts=(1, 2, 3, 4, 5, 7, 8, 9, 15, 16, 17, 31, 32, 33, 63, 64, 65, 127, 128, 129, 255, 256, 257, 511, 512, 513, 998)
[allocation] sweep=4 stage=1 tile_counts=(1, 2, 3, 4, 5, 7, 8, 9, 10, 15, 16, 17, 18, 31, 32, 33, 63, 64, 65, 127, 128, 129, 255, 256, 257, 511, 512, 513, 1006)
[allocation] sweep=4 stage=2 tile_counts=(1, 2, 3, 4, 5, 7, 8, 9, 15, 16, 17, 31, 32, 33, 63, 64, 65, 127, 128, 129, 255, 256, 257, 511, 512, 513, 998)
[allocation] sweep=4 stage=3 tile_counts=(1, 2, 3, 4, 5, 7, 8, 9, 15, 16, 17, 31, 32, 33, 63, 64, 65, 127, 128, 129, 255, 256, 257, 511, 512, 513, 998)
[allocation] sweep=4 stage=4 tile_counts=(1, 2, 3, 4, 5, 7, 8, 9, 15, 16, 17, 31, 32, 33, 63, 64, 65, 127, 128, 129, 255, 256, 257, 511, 512, 513, 1001)
[allocation] sweep=4 stage=5 tile_counts=(1, 2, 3, 4, 5, 7, 8, 9, 15, 16, 17, 31, 32, 33, 63, 64, 65, 127, 128, 129, 255, 256, 257, 511, 512, 513, 998)
[allocation] sweep=4 stage=6 tile_counts=(1, 2, 3, 4, 5, 7, 8, 9, 15, 16, 17, 31, 32, 33, 63, 64, 65, 127, 128, 129, 255, 256, 257, 511, 512, 513, 998)
[allocation] sweep=4 stage=7 tile_counts=(1, 2, 3, 4, 5, 7, 8, 9, 10, 15, 16, 17, 18, 31, 32, 33, 63, 64, 65, 127, 128, 129, 255, 256, 257, 511, 512, 513, 1006)
[allocation] sweep=4 phase=tile_exchanges
[allocation] selected_tile_counts={0: 1, 1: 10, 2: 1, 3: 1, 4: 3, 5: 1, 6: 1, 7: 9} objective=((53641.0, 51771.0, 49605.0, 48504.0, 41512.0, 36053.0, 13652.0, 7436.0), 27) used_tiles=27/1024
[allocation] sweep=5 objective=((53641.0, 51771.0, 49605.0, 48504.0, 41512.0, 36053.0, 13652.0, 7436.0), 27) used_tiles=27/1024
[allocation] sweep=5 stage=0 tile_counts=(1, 2, 3, 4, 5, 7, 8, 9, 15, 16, 17, 31, 32, 33, 63, 64, 65, 127, 128, 129, 255, 256, 257, 511, 512, 513, 998)
[allocation] sweep=5 stage=1 tile_counts=(1, 2, 3, 4, 5, 7, 8, 9, 10, 11, 15, 16, 17, 20, 31, 32, 33, 63, 64, 65, 127, 128, 129, 255, 256, 257, 511, 512, 513, 1007)
[allocation] sweep=5 stage=2 tile_counts=(1, 2, 3, 4, 5, 7, 8, 9, 15, 16, 17, 31, 32, 33, 63, 64, 65, 127, 128, 129, 255, 256, 257, 511, 512, 513, 998)
[allocation] sweep=5 stage=3 tile_counts=(1, 2, 3, 4, 5, 7, 8, 9, 15, 16, 17, 31, 32, 33, 63, 64, 65, 127, 128, 129, 255, 256, 257, 511, 512, 513, 998)
[allocation] sweep=5 stage=4 tile_counts=(1, 2, 3, 4, 5, 6, 7, 8, 9, 15, 16, 17, 31, 32, 33, 63, 64, 65, 127, 128, 129, 255, 256, 257, 511, 512, 513, 1000)
[allocation] sweep=5 stage=5 tile_counts=(1, 2, 3, 4, 5, 7, 8, 9, 15, 16, 17, 31, 32, 33, 63, 64, 65, 127, 128, 129, 255, 256, 257, 511, 512, 513, 998)
[allocation] sweep=5 stage=6 tile_counts=(1, 2, 3, 4, 5, 7, 8, 9, 15, 16, 17, 31, 32, 33, 63, 64, 65, 127, 128, 129, 255, 256, 257, 511, 512, 513, 998)
[allocation] sweep=5 stage=7 tile_counts=(1, 2, 3, 4, 5, 7, 8, 9, 10, 15, 16, 17, 18, 31, 32, 33, 63, 64, 65, 127, 128, 129, 255, 256, 257, 511, 512, 513, 1006)
[allocation] sweep=5 phase=tile_exchanges
[allocation] selected_tile_counts={0: 1, 1: 10, 2: 1, 3: 1, 4: 3, 5: 1, 6: 1, 7: 8} objective=((53641.0, 51771.0, 49605.0, 48504.0, 39000.0, 37911.0, 13652.0, 7436.0), 26) used_tiles=26/1024
[allocation] sweep=6 objective=((53641.0, 51771.0, 49605.0, 48504.0, 39000.0, 37911.0, 13652.0, 7436.0), 26) used_tiles=26/1024
[allocation] sweep=6 stage=0 tile_counts=(1, 2, 3, 4, 5, 7, 8, 9, 15, 16, 17, 31, 32, 33, 63, 64, 65, 127, 128, 129, 255, 256, 257, 511, 512, 513, 999)
[allocation] sweep=6 stage=1 tile_counts=(1, 2, 3, 4, 5, 7, 8, 9, 10, 11, 15, 16, 17, 20, 31, 32, 33, 63, 64, 65, 127, 128, 129, 255, 256, 257, 511, 512, 513, 1008)
[allocation] sweep=6 stage=2 tile_counts=(1, 2, 3, 4, 5, 7, 8, 9, 15, 16, 17, 31, 32, 33, 63, 64, 65, 127, 128, 129, 255, 256, 257, 511, 512, 513, 999)
[allocation] sweep=6 stage=3 tile_counts=(1, 2, 3, 4, 5, 7, 8, 9, 15, 16, 17, 31, 32, 33, 63, 64, 65, 127, 128, 129, 255, 256, 257, 511, 512, 513, 999)
[allocation] sweep=6 stage=4 tile_counts=(1, 2, 3, 4, 5, 6, 7, 8, 9, 15, 16, 17, 31, 32, 33, 63, 64, 65, 127, 128, 129, 255, 256, 257, 511, 512, 513, 1001)
[allocation] sweep=6 stage=5 tile_counts=(1, 2, 3, 4, 5, 7, 8, 9, 15, 16, 17, 31, 32, 33, 63, 64, 65, 127, 128, 129, 255, 256, 257, 511, 512, 513, 999)
[allocation] sweep=6 stage=6 tile_counts=(1, 2, 3, 4, 5, 7, 8, 9, 15, 16, 17, 31, 32, 33, 63, 64, 65, 127, 128, 129, 255, 256, 257, 511, 512, 513, 999)
[allocation] sweep=6 stage=7 tile_counts=(1, 2, 3, 4, 5, 7, 8, 9, 15, 16, 17, 31, 32, 33, 63, 64, 65, 127, 128, 129, 255, 256, 257, 511, 512, 513, 1006)
[allocation] sweep=6 phase=tile_exchanges
[allocation] no_global_improvement_available
[allocation] final_tile_counts={0: 1, 1: 10, 2: 1, 3: 1, 4: 3, 5: 1, 6: 1, 7: 8}
[allocation] final_logical_shapes={0: (1, 1), 1: (10, 1), 2: (1, 1), 3: (1, 1), 4: (3, 1), 5: (1, 1), 6: (1, 1), 7: (8, 1)}
[allocation] final_stage_metric_breakdown:
  stage=0 nodes=/base_module/stages/stages.4/stages.4.1/transformer/transformer.0/norm1/InstanceNormalization_fused_groupnorm__scaled_sum+/base_module/stages/stages.4/stages.4.1/transformer/transformer.0/norm1/InstanceNormalization_fused_groupnorm__allreduce_sum+/base_module/stages/stages.4/stages.4.1/transformer/transformer.0/norm1/InstanceNormalization_fused_groupnorm__scaled_centered_sumsq+/base_module/stages/stages.4/stages.4.1/transformer/transformer.0/norm1/InstanceNormalization_fused_groupnorm__allreduce_variance+/base_module/stages/stages.4/stages.4.1/transformer/transformer.0/norm1/InstanceNormalization_fused_groupnorm__normalize stage_latency=24139 communication=27632 service_cycles=51771.0
  stage=1 nodes=/base_module/stages/stages.4/stages.4.1/transformer/transformer.0/attn/qkv_proj/Conv__input_0_im2col_float16+/base_module/stages/stages.4/stages.4.1/transformer/transformer.0/attn/qkv_proj/Conv__output_0_gemm_float16 stage_latency=49025 communication=4616 service_cycles=53641.0
    cost_diagnostic=provisional Conv-to-GEMM transform estimate pending measured bytes-read/bytes-written/core-L1 models
  stage=2 nodes=/base_module/stages/stages.4/stages.4.1/transformer/transformer.0/attn/Split stage_latency=16448 communication=32056 service_cycles=48504.0
  stage=3 nodes=/base_module/stages/stages.4/stages.4.1/transformer/transformer.0/attn/Softmax__reduce_max+/base_module/stages/stages.4/stages.4.1/transformer/transformer.0/attn/Softmax__allreduce_max+/base_module/stages/stages.4/stages.4.1/transformer/transformer.0/attn/Softmax__sub+/base_module/stages/stages.4/stages.4.1/transformer/transformer.0/attn/Softmax__softmax_exp+/base_module/stages/stages.4/stages.4.1/transformer/transformer.0/attn/Softmax__reduce_sum+/base_module/stages/stages.4/stages.4.1/transformer/transformer.0/attn/Softmax__allreduce_sum+/base_module/stages/stages.4/stages.4.1/transformer/transformer.0/attn/Softmax__div stage_latency=5642 communication=8010 service_cycles=13652.0
  stage=4 nodes=/base_module/stages/stages.4/stages.4.1/transformer/transformer.0/attn/Mul+/base_module/stages/stages.4/stages.4.1/transformer/transformer.0/attn/ReduceSum__local+/base_module/stages/stages.4/stages.4.1/transformer/transformer.0/attn/ReduceSum__allreduce stage_latency=43379 communication=6226 service_cycles=49605.0
  stage=5 nodes=/base_module/stages/stages.4/stages.4.1/transformer/transformer.0/attn/Relu stage_latency=2412 communication=5024 service_cycles=7436.0
  stage=6 nodes=/base_module/stages/stages.4/stages.4.1/transformer/transformer.0/attn/Mul_1 stage_latency=10296 communication=28704 service_cycles=39000.0
  stage=7 nodes=/base_module/stages/stages.4/stages.4.1/transformer/transformer.0/attn/out_proj/Conv__input_0_im2col_float16+/base_module/stages/stages.4/stages.4.1/transformer/transformer.0/attn/out_proj/Conv__output_0_gemm_float16+/base_module/stages/stages.4/stages.4.1/transformer/transformer.0/Add stage_latency=31271 communication=6640 service_cycles=37911.0
    cost_diagnostic=provisional Conv-to-GEMM transform estimate pending measured bytes-read/bytes-written/core-L1 models
[placement] phase=virtual_analysis
[placement] stage_order=(1, 7, 4, 0, 6, 2, 5, 3) communication_degree={0: 163840, 1: 196736, 2: 65792, 3: 256, 4: 19584, 5: 32768, 6: 150528, 7: 131072} bottleneck_risk={0: 16384, 1: 16384, 2: 32896, 3: 128, 4: 6192, 5: 16384, 6: 19456, 7: 18432} l2_pressure={0: 16384, 1: 0, 2: 0, 3: 0, 4: 0, 5: 0, 6: 0, 7: 32768}
[placement] phase=initial_seeding stage_order=(1, 7, 4, 0, 6, 2, 5, 3)
[placement] seeded stage=1 target=(15.50,15.50) tiles=[491, 492, 493, 494, 495, 496, 497, 498, 499, 500]
[placement] seeded stage=7 target=(0.00,15.50) tiles=[384, 416, 448, 480, 512, 544, 576, 608]
[placement] seeded stage=4 target=(15.50,15.50) tiles=[526, 527, 528]
[placement] seeded stage=0 target=(14.09,15.05) tiles=[463]
[placement] seeded stage=6 target=(0.34,15.51) tiles=[513]
[placement] seeded stage=2 target=(15.33,15.33) tiles=[464]
[placement] seeded stage=5 target=(8.50,15.00) tiles=[488]
[placement] seeded stage=3 target=(15.50,15.00) tiles=[431]
[placement] phase=initial_placement objective=(45351.0, 43379.0, 32928.0, 8866.0, 5642.0, 4146.0, 1037.0, 864.0) worst_tile=463
[placement] iter=0 objective=(45351.0, 43379.0, 32928.0, 8866.0, 5642.0, 4146.0, 1037.0, 864.0) worst_tile=463 worst_stage=0 repair_candidates=[([0, 1], 'direct_0_to_1'), ([0, 7], 'l2_blocker'), ([0, 2], 'physical_neighbor_2'), ([0, 3], 'physical_neighbor_3')]
[placement] repair_regions stages=[0, 1]
[placement] iter=0 region=[0, 1] reason=direct_0_to_1 trial_objective=(45425.0, 43379.0, 32928.0, 8866.0, 5642.0, 4146.0, 1037.0, 864.0)
[placement] repair_regions stages=[0, 7]
[placement] iter=0 region=[0, 7] reason=l2_blocker trial_objective=(45351.0, 43379.0, 32928.0, 8866.0, 5642.0, 4146.0, 1037.0, 864.0)
[placement] repair_regions stages=[0, 2]
[placement] iter=0 region=[0, 2] reason=physical_neighbor_2 trial_objective=(45351.0, 43379.0, 32928.0, 8866.0, 5642.0, 4146.0, 1037.0, 864.0)
[placement] repair_regions stages=[0, 3]
[placement] iter=0 region=[0, 3] reason=physical_neighbor_3 trial_objective=(45351.0, 43379.0, 32928.0, 8866.0, 5642.0, 4146.0, 1037.0, 864.0)
[placement] iter=0 no_improving_repair_found

[placement] chosen physical submeshes for ownership_aware:
  stage=0 name=/base_module/stages/stages.4/stages.4.1/transformer/transformer.0/norm1/InstanceNormalization_fused_groupnorm__scaled_sum+/base_module/stages/stages.4/stages.4.1/transformer/transformer.0/norm1/InstanceNormalization_fused_groupnorm__allreduce_sum+/base_module/stages/stages.4/stages.4.1/transformer/transformer.0/norm1/InstanceNormalization_fused_groupnorm__scaled_centered_sumsq+/base_module/stages/stages.4/stages.4.1/transformer/transformer.0/norm1/InstanceNormalization_fused_groupnorm__allreduce_variance+/base_module/stages/stages.4/stages.4.1/transformer/transformer.0/norm1/InstanceNormalization_fused_groupnorm__normalize bbox=(15,14,1,1) tiles=[463] virtual_to_physical={0: 463}
  stage=1 name=/base_module/stages/stages.4/stages.4.1/transformer/transformer.0/attn/qkv_proj/Conv__input_0_im2col_float16+/base_module/stages/stages.4/stages.4.1/transformer/transformer.0/attn/qkv_proj/Conv__output_0_gemm_float16 bbox=(11,15,10,1) tiles=[491, 492, 493, 494, 495, 496, 497, 498, 499, 500] virtual_to_physical={0: 495, 1: 496, 2: 494, 3: 497, 4: 493, 5: 498, 6: 492, 7: 499, 8: 491, 9: 500}
  stage=2 name=/base_module/stages/stages.4/stages.4.1/transformer/transformer.0/attn/Split bbox=(16,14,1,1) tiles=[464] virtual_to_physical={0: 464}
  stage=3 name=/base_module/stages/stages.4/stages.4.1/transformer/transformer.0/attn/Softmax__reduce_max+/base_module/stages/stages.4/stages.4.1/transformer/transformer.0/attn/Softmax__allreduce_max+/base_module/stages/stages.4/stages.4.1/transformer/transformer.0/attn/Softmax__sub+/base_module/stages/stages.4/stages.4.1/transformer/transformer.0/attn/Softmax__softmax_exp+/base_module/stages/stages.4/stages.4.1/transformer/transformer.0/attn/Softmax__reduce_sum+/base_module/stages/stages.4/stages.4.1/transformer/transformer.0/attn/Softmax__allreduce_sum+/base_module/stages/stages.4/stages.4.1/transformer/transformer.0/attn/Softmax__div bbox=(15,13,1,1) tiles=[431] virtual_to_physical={0: 431}
  stage=4 name=/base_module/stages/stages.4/stages.4.1/transformer/transformer.0/attn/Mul+/base_module/stages/stages.4/stages.4.1/transformer/transformer.0/attn/ReduceSum__local+/base_module/stages/stages.4/stages.4.1/transformer/transformer.0/attn/ReduceSum__allreduce bbox=(14,16,3,1) tiles=[526, 527, 528] virtual_to_physical={0: 528, 1: 527, 2: 526}
  stage=5 name=/base_module/stages/stages.4/stages.4.1/transformer/transformer.0/attn/Relu bbox=(8,15,1,1) tiles=[488] virtual_to_physical={0: 488}
  stage=6 name=/base_module/stages/stages.4/stages.4.1/transformer/transformer.0/attn/Mul_1 bbox=(1,16,1,1) tiles=[513] virtual_to_physical={0: 513}
  stage=7 name=/base_module/stages/stages.4/stages.4.1/transformer/transformer.0/attn/out_proj/Conv__input_0_im2col_float16+/base_module/stages/stages.4/stages.4.1/transformer/transformer.0/attn/out_proj/Conv__output_0_gemm_float16+/base_module/stages/stages.4/stages.4.1/transformer/transformer.0/Add bbox=(0,12,1,8) tiles=[384, 416, 448, 480, 512, 544, 576, 608] virtual_to_physical={0: 512, 1: 480, 2: 544, 3: 448, 4: 576, 5: 416, 6: 608, 7: 384}
Placement mesh:
. . . . . . . . . . . . . . . . . . . . . . . . . . . . . . . .
. . . . . . . . . . . . . . . . . . . . . . . . . . . . . . . .
. . . . . . . . . . . . . . . . . . . . . . . . . . . . . . . .
. . . . . . . . . . . . . . . . . . . . . . . . . . . . . . . .
. . . . . . . . . . . . . . . . . . . . . . . . . . . . . . . .
. . . . . . . . . . . . . . . . . . . . . . . . . . . . . . . .
. . . . . . . . . . . . . . . . . . . . . . . . . . . . . . . .
. . . . . . . . . . . . . . . . . . . . . . . . . . . . . . . .
. . . . . . . . . . . . . . . . . . . . . . . . . . . . . . . .
. . . . . . . . . . . . . . . . . . . . . . . . . . . . . . . .
. . . . . . . . . . . . . . . . . . . . . . . . . . . . . . . .
. . . . . . . . . . . . . . . . . . . . . . . . . . . . . . . .
7 . . . . . . . . . . . . . . . . . . . . . . . . . . . . . . .
7 . . . . . . . . . . . . . . 3 . . . . . . . . . . . . . . . .
7 . . . . . . . . . . . . . . 0 2 . . . . . . . . . . . . . . .
7 . . . . . . . 5 . . 1 1 1 1 1 1 1 1 1 1 . . . . . . . . . . .
7 6 . . . . . . . . . . . . 4 4 4 . . . . . . . . . . . . . . .
7 . . . . . . . . . . . . . . . . . . . . . . . . . . . . . . .
7 . . . . . . . . . . . . . . . . . . . . . . . . . . . . . . .
7 . . . . . . . . . . . . . . . . . . . . . . . . . . . . . . .
. . . . . . . . . . . . . . . . . . . . . . . . . . . . . . . .
. . . . . . . . . . . . . . . . . . . . . . . . . . . . . . . .
. . . . . . . . . . . . . . . . . . . . . . . . . . . . . . . .
. . . . . . . . . . . . . . . . . . . . . . . . . . . . . . . .
. . . . . . . . . . . . . . . . . . . . . . . . . . . . . . . .
. . . . . . . . . . . . . . . . . . . . . . . . . . . . . . . .
. . . . . . . . . . . . . . . . . . . . . . . . . . . . . . . .
. . . . . . . . . . . . . . . . . . . . . . . . . . . . . . . .
. . . . . . . . . . . . . . . . . . . . . . . . . . . . . . . .
. . . . . . . . . . . . . . . . . . . . . . . . . . . . . . . .
. . . . . . . . . . . . . . . . . . . . . . . . . . . . . . . .
. . . . . . . . . . . . . . . . . . . . . . . . . . . . . . . .
[placement] stage physical bottlenecks for ownership_aware:
  stage=0 name=/base_module/stages/stages.4/stages.4.1/transformer/transformer.0/norm1/InstanceNormalization_fused_groupnorm__scaled_sum+/base_module/stages/stages.4/stages.4.1/transformer/transformer.0/norm1/InstanceNormalization_fused_groupnorm__allreduce_sum+/base_module/stages/stages.4/stages.4.1/transformer/transformer.0/norm1/InstanceNormalization_fused_groupnorm__scaled_centered_sumsq+/base_module/stages/stages.4/stages.4.1/transformer/transformer.0/norm1/InstanceNormalization_fused_groupnorm__allreduce_variance+/base_module/stages/stages.4/stages.4.1/transformer/transformer.0/norm1/InstanceNormalization_fused_groupnorm__normalize tile=463 l2_read=4161 l2_write=0 l1_write=41190 stage_latency=24139 weighted_bottleneck=45351.0
  stage=1 name=/base_module/stages/stages.4/stages.4.1/transformer/transformer.0/attn/qkv_proj/Conv__input_0_im2col_float16+/base_module/stages/stages.4/stages.4.1/transformer/transformer.0/attn/qkv_proj/Conv__output_0_gemm_float16 tile=492 l2_read=0 l2_write=0 l1_write=864 stage_latency=0 weighted_bottleneck=864.0
  stage=2 name=/base_module/stages/stages.4/stages.4.1/transformer/transformer.0/attn/Split tile=464 l2_read=0 l2_write=0 l1_write=8866 stage_latency=0 weighted_bottleneck=8866.0
  stage=3 name=/base_module/stages/stages.4/stages.4.1/transformer/transformer.0/attn/Softmax__reduce_max+/base_module/stages/stages.4/stages.4.1/transformer/transformer.0/attn/Softmax__allreduce_max+/base_module/stages/stages.4/stages.4.1/transformer/transformer.0/attn/Softmax__sub+/base_module/stages/stages.4/stages.4.1/transformer/transformer.0/attn/Softmax__softmax_exp+/base_module/stages/stages.4/stages.4.1/transformer/transformer.0/attn/Softmax__reduce_sum+/base_module/stages/stages.4/stages.4.1/transformer/transformer.0/attn/Softmax__allreduce_sum+/base_module/stages/stages.4/stages.4.1/transformer/transformer.0/attn/Softmax__div tile=431 l2_read=0 l2_write=0 l1_write=108 stage_latency=5642 weighted_bottleneck=5642.0
  stage=4 name=/base_module/stages/stages.4/stages.4.1/transformer/transformer.0/attn/Mul+/base_module/stages/stages.4/stages.4.1/transformer/transformer.0/attn/ReduceSum__local+/base_module/stages/stages.4/stages.4.1/transformer/transformer.0/attn/ReduceSum__allreduce tile=526 l2_read=0 l2_write=0 l1_write=336 stage_latency=43379 weighted_bottleneck=43379.0
  stage=5 name=/base_module/stages/stages.4/stages.4.1/transformer/transformer.0/attn/Relu tile=488 l2_read=0 l2_write=0 l1_write=4146 stage_latency=0 weighted_bottleneck=4146.0
  stage=6 name=/base_module/stages/stages.4/stages.4.1/transformer/transformer.0/attn/Mul_1 tile=513 l2_read=0 l2_write=0 l1_write=32928 stage_latency=0 weighted_bottleneck=32928.0
  stage=7 name=/base_module/stages/stages.4/stages.4.1/transformer/transformer.0/attn/out_proj/Conv__input_0_im2col_float16+/base_module/stages/stages.4/stages.4.1/transformer/transformer.0/attn/out_proj/Conv__output_0_gemm_float16+/base_module/stages/stages.4/stages.4.1/transformer/transformer.0/Add tile=384 l2_read=517 l2_write=520 l1_write=0 stage_latency=0 weighted_bottleneck=1037.0
[placement] bottleneck for ownership_aware worst_stage_bottleneck=45351.0 objective=(45351.0, 43379.0, 32928.0, 8866.0, 5642.0, 4146.0, 1037.0, 864.0)
[planner] execution_plan_stage_cost=49025.0 (worst_stage_latency=49025 worst_external_communication=45351)
Generating the MAGIA Application...
MAGIA Application: /home/ivan/repos/maps-experiments/workloads/mobilevit/results/20261001T092930.842646048Z/32x32/maps-application
Target: magia-v3
Mesh: 32x32
Execution Tokens: 2
Active tiles: 26
SDK handoff: copy this directory into the MAGIA SDK application tree and register it with add_subdirectory(maps_mobilevit_slice).
make: Leaving directory '/home/ivan/repos/MAPS'
make: Entering directory '/home/ivan/repos/MAPS'
./.venv/bin/python -m maps.cli plan /home/ivan/repos/maps-experiments/workloads/mobilevit/model/mobilevit-nodes-170-179.onnx \
	--target magia-v3 \
	--mesh 32x32 \
	--token-slots 2 \
	--stage-latency-weight 1.0 \
	--communication-weight 1.0 \
	--max-stage-operations 0 \
	--output /home/ivan/repos/maps-experiments/workloads/mobilevit/results/20261001T092930.842646048Z/32x32/execution-plan.json
[stage formation] selected_stages=8
Placement mesh:
. . . . . . . . . . . . . . . . . . . . . . . . . . . . . . . .
. . . . . . . . . . . . . . . . . . . . . . . . . . . . . . . .
. . . . . . . . . . . . . . . . . . . . . . . . . . . . . . . .
. . . . . . . . . . . . . . . . . . . . . . . . . . . . . . . .
. . . . . . . . . . . . . . . . . . . . . . . . . . . . . . . .
. . . . . . . . . . . . . . . . . . . . . . . . . . . . . . . .
. . . . . . . . . . . . . . . . . . . . . . . . . . . . . . . .
. . . . . . . . . . . . . . . . . . . . . . . . . . . . . . . .
. . . . . . . . . . . . . . . . . . . . . . . . . . . . . . . .
. . . . . . . . . . . . . . . . . . . . . . . . . . . . . . . .
. . . . . . . . . . . . . . . . . . . . . . . . . . . . . . . .
. . . . . . . . . . . . . . . . . . . . . . . . . . . . . . . .
7 . . . . . . . . . . . . . . . . . . . . . . . . . . . . . . .
7 . . . . . . . . . . . . . . 3 . . . . . . . . . . . . . . . .
7 . . . . . . . . . . . . . . 0 2 . . . . . . . . . . . . . . .
7 . . . . . . . 5 . . 1 1 1 1 1 1 1 1 1 1 . . . . . . . . . . .
7 6 . . . . . . . . . . . . 4 4 4 . . . . . . . . . . . . . . .
7 . . . . . . . . . . . . . . . . . . . . . . . . . . . . . . .
7 . . . . . . . . . . . . . . . . . . . . . . . . . . . . . . .
7 . . . . . . . . . . . . . . . . . . . . . . . . . . . . . . .
. . . . . . . . . . . . . . . . . . . . . . . . . . . . . . . .
. . . . . . . . . . . . . . . . . . . . . . . . . . . . . . . .
. . . . . . . . . . . . . . . . . . . . . . . . . . . . . . . .
. . . . . . . . . . . . . . . . . . . . . . . . . . . . . . . .
. . . . . . . . . . . . . . . . . . . . . . . . . . . . . . . .
. . . . . . . . . . . . . . . . . . . . . . . . . . . . . . . .
. . . . . . . . . . . . . . . . . . . . . . . . . . . . . . . .
. . . . . . . . . . . . . . . . . . . . . . . . . . . . . . . .
. . . . . . . . . . . . . . . . . . . . . . . . . . . . . . . .
. . . . . . . . . . . . . . . . . . . . . . . . . . . . . . . .
. . . . . . . . . . . . . . . . . . . . . . . . . . . . . . . .
. . . . . . . . . . . . . . . . . . . . . . . . . . . . . . . .
[planner] execution_plan_stage_cost=49025.0 (worst_stage_latency=49025 worst_external_communication=45351)
Execution Plan: /home/ivan/repos/maps-experiments/workloads/mobilevit/results/20261001T092930.842646048Z/32x32/execution-plan.json
make: Leaving directory '/home/ivan/repos/MAPS'
make: Entering directory '/home/ivan/repos/magia-sdk-v3'
sed -i -E "s/^[[:space:]]*N_TILES_X[[:space:]]*=[[:space:]]*[0-9]+/    N_TILES_X           = 32/" ./gvsoc/pulp/pulp/chips/magia_v3/arch.py
sed -i -E "s/^[[:space:]]*N_TILES_Y[[:space:]]*=[[:space:]]*[0-9]+/    N_TILES_Y           = 32/" ./gvsoc/pulp/pulp/chips/magia_v3/arch.py
sed -i -E "s/^[[:space:]]*NB_PULP_CORES[[:space:]]*=[[:space:]]*[0-9]+/    NB_PULP_CORES       = 8/" ./gvsoc/pulp/pulp/chips/magia_v3/arch.py
sed -i 's/^\([[:space:]]*PULP_ENABLE[[:space:]]*=[[:space:]]*\)True/\1False/' ./gvsoc/pulp/pulp/chips/magia_v3/arch.py
cd ./gvsoc	&& \
make build TARGETS=magia_v3
make[1]: Entering directory '/home/ivan/repos/magia-sdk-v3/gvsoc'
make[1]: warning: jobserver unavailable: using -j1.  Add '+' to parent make rule.
cmake -S gvrun -B build/gvrun -DCMAKE_BUILD_TYPE=Release \
	-DCMAKE_INSTALL_PREFIX=install
-- Configuring done (0.0s)
-- Generating done (0.0s)
-- Build files have been written to: /home/ivan/repos/magia-sdk-v3/gvsoc/build/gvrun
cmake --build build/gvrun -j 2
gmake[2]: Entering directory '/home/ivan/repos/magia-sdk-v3/gvsoc/build/gvrun'
gmake[2]: Leaving directory '/home/ivan/repos/magia-sdk-v3/gvsoc/build/gvrun'
cmake --install build/gvrun
-- Install configuration: "Release"
-- Up-to-date: /home/ivan/repos/magia-sdk-v3/gvsoc/install/bin
-- Up-to-date: /home/ivan/repos/magia-sdk-v3/gvsoc/install/bin/gvrun
-- Up-to-date: /home/ivan/repos/magia-sdk-v3/gvsoc/install/bin/gvwave
-- Up-to-date: /home/ivan/repos/magia-sdk-v3/gvsoc/install/bin/plprun
-- Up-to-date: /home/ivan/repos/magia-sdk-v3/gvsoc/install/python
-- Up-to-date: /home/ivan/repos/magia-sdk-v3/gvsoc/install/python/gvrun
-- Up-to-date: /home/ivan/repos/magia-sdk-v3/gvsoc/install/python/gvrun/attribute.py
-- Up-to-date: /home/ivan/repos/magia-sdk-v3/gvsoc/install/python/gvrun/header_gen.py
-- Up-to-date: /home/ivan/repos/magia-sdk-v3/gvsoc/install/python/gvrun/runtime.py
-- Up-to-date: /home/ivan/repos/magia-sdk-v3/gvsoc/install/python/gvrun/target_qualifiers.py
-- Up-to-date: /home/ivan/repos/magia-sdk-v3/gvsoc/install/python/gvrun/parameter.py
-- Up-to-date: /home/ivan/repos/magia-sdk-v3/gvsoc/install/python/gvrun/flash
-- Up-to-date: /home/ivan/repos/magia-sdk-v3/gvsoc/install/python/gvrun/flash/sections
-- Up-to-date: /home/ivan/repos/magia-sdk-v3/gvsoc/install/python/gvrun/flash/sections/partition_table.py
-- Up-to-date: /home/ivan/repos/magia-sdk-v3/gvsoc/install/python/gvrun/flash/sections/hostfs.py
-- Up-to-date: /home/ivan/repos/magia-sdk-v3/gvsoc/install/python/gvrun/flash/sections/app_binary.py
-- Up-to-date: /home/ivan/repos/magia-sdk-v3/gvsoc/install/python/gvrun/flash/sections/readfs.py
-- Up-to-date: /home/ivan/repos/magia-sdk-v3/gvsoc/install/python/gvrun/flash/sections/__init__.py
-- Up-to-date: /home/ivan/repos/magia-sdk-v3/gvsoc/install/python/gvrun/flash/sections/raw.py
-- Up-to-date: /home/ivan/repos/magia-sdk-v3/gvsoc/install/python/gvrun/flash/__init__.py
-- Up-to-date: /home/ivan/repos/magia-sdk-v3/gvsoc/install/python/gvrun/__main__.py
-- Up-to-date: /home/ivan/repos/magia-sdk-v3/gvsoc/install/python/gvrun/timing.py
-- Up-to-date: /home/ivan/repos/magia-sdk-v3/gvsoc/install/python/gvrun/systree.py
-- Up-to-date: /home/ivan/repos/magia-sdk-v3/gvsoc/install/python/gvrun/runners
-- Up-to-date: /home/ivan/repos/magia-sdk-v3/gvsoc/install/python/gvrun/runners/verilator.py
-- Up-to-date: /home/ivan/repos/magia-sdk-v3/gvsoc/install/python/gvrun/runners/__init__.py
-- Up-to-date: /home/ivan/repos/magia-sdk-v3/gvsoc/install/python/gvrun/__pycache__
-- Up-to-date: /home/ivan/repos/magia-sdk-v3/gvsoc/install/python/gvrun/__pycache__/config.cpython-313.pyc
-- Up-to-date: /home/ivan/repos/magia-sdk-v3/gvsoc/install/python/gvrun/__pycache__/attribute.cpython-313.pyc
-- Up-to-date: /home/ivan/repos/magia-sdk-v3/gvsoc/install/python/gvrun/__pycache__/parameter.cpython-313.pyc
-- Up-to-date: /home/ivan/repos/magia-sdk-v3/gvsoc/install/python/gvrun/__pycache__/timing.cpython-313.pyc
-- Up-to-date: /home/ivan/repos/magia-sdk-v3/gvsoc/install/python/gvrun/__pycache__/tree_gen.cpython-313.pyc
-- Up-to-date: /home/ivan/repos/magia-sdk-v3/gvsoc/install/python/gvrun/__pycache__/runtime.cpython-313.pyc
-- Up-to-date: /home/ivan/repos/magia-sdk-v3/gvsoc/install/python/gvrun/__pycache__/config_gen.cpython-313.pyc
-- Up-to-date: /home/ivan/repos/magia-sdk-v3/gvsoc/install/python/gvrun/__pycache__/builder.cpython-313.pyc
-- Up-to-date: /home/ivan/repos/magia-sdk-v3/gvsoc/install/python/gvrun/__pycache__/systree.cpython-313.pyc
-- Up-to-date: /home/ivan/repos/magia-sdk-v3/gvsoc/install/python/gvrun/__pycache__/utils.cpython-313.pyc
-- Up-to-date: /home/ivan/repos/magia-sdk-v3/gvsoc/install/python/gvrun/config_gen.py
-- Up-to-date: /home/ivan/repos/magia-sdk-v3/gvsoc/install/python/gvrun/config.py
-- Up-to-date: /home/ivan/repos/magia-sdk-v3/gvsoc/install/python/gvrun/builder.py
-- Up-to-date: /home/ivan/repos/magia-sdk-v3/gvsoc/install/python/gvrun/runner.py
-- Up-to-date: /home/ivan/repos/magia-sdk-v3/gvsoc/install/python/gvrun/diagram.py
-- Up-to-date: /home/ivan/repos/magia-sdk-v3/gvsoc/install/python/gvrun/tree_gen.py
-- Up-to-date: /home/ivan/repos/magia-sdk-v3/gvsoc/install/python/gvrun/utils.py
-- Up-to-date: /home/ivan/repos/magia-sdk-v3/gvsoc/install/python/gvrun/commands.py
-- Up-to-date: /home/ivan/repos/magia-sdk-v3/gvsoc/install/python/gvrun/target.py
cmake -S config_tree -B build/config_tree -DCMAKE_BUILD_TYPE=Release \
	-DCMAKE_INSTALL_PREFIX=install
-- Configuring done (0.0s)
-- Generating done (0.0s)
-- Build files have been written to: /home/ivan/repos/magia-sdk-v3/gvsoc/build/config_tree
cmake --build build/config_tree -j 2
gmake[2]: Entering directory '/home/ivan/repos/magia-sdk-v3/gvsoc/build/config_tree'
gmake[2]: Leaving directory '/home/ivan/repos/magia-sdk-v3/gvsoc/build/config_tree'
cmake --install build/config_tree
-- Install configuration: "Release"
-- Up-to-date: /home/ivan/repos/magia-sdk-v3/gvsoc/install/python/.
-- Up-to-date: /home/ivan/repos/magia-sdk-v3/gvsoc/install/python/./.gitignore
-- Up-to-date: /home/ivan/repos/magia-sdk-v3/gvsoc/install/python/./requirements.txt
-- Up-to-date: /home/ivan/repos/magia-sdk-v3/gvsoc/install/python/./.git
-- Up-to-date: /home/ivan/repos/magia-sdk-v3/gvsoc/install/python/./CMakeLists.txt
-- Up-to-date: /home/ivan/repos/magia-sdk-v3/gvsoc/install/python/./tests
-- Up-to-date: /home/ivan/repos/magia-sdk-v3/gvsoc/install/python/./tests/test_ref_proxy.py
-- Up-to-date: /home/ivan/repos/magia-sdk-v3/gvsoc/install/python/./tests/examples
-- Up-to-date: /home/ivan/repos/magia-sdk-v3/gvsoc/install/python/./tests/examples/README.spi.md
-- Up-to-date: /home/ivan/repos/magia-sdk-v3/gvsoc/install/python/./tests/examples/README.indirect.md
-- Up-to-date: /home/ivan/repos/magia-sdk-v3/gvsoc/install/python/./tests/examples/README.xip.md
-- Up-to-date: /home/ivan/repos/magia-sdk-v3/gvsoc/install/python/./tests/test_condition.py
-- Up-to-date: /home/ivan/repos/magia-sdk-v3/gvsoc/install/python/./tests/test_register_types.py
-- Up-to-date: /home/ivan/repos/magia-sdk-v3/gvsoc/install/python/./tests/test_dump.py
-- Up-to-date: /home/ivan/repos/magia-sdk-v3/gvsoc/install/python/./tests/test_validation.py
-- Up-to-date: /home/ivan/repos/magia-sdk-v3/gvsoc/install/python/./tests/conftest.py
-- Up-to-date: /home/ivan/repos/magia-sdk-v3/gvsoc/install/python/./tests/test_config.py
-- Up-to-date: /home/ivan/repos/magia-sdk-v3/gvsoc/install/python/./tests/test_pyright.py
-- Up-to-date: /home/ivan/repos/magia-sdk-v3/gvsoc/install/python/./tests/test_environment_expression.py
-- Up-to-date: /home/ivan/repos/magia-sdk-v3/gvsoc/install/python/./tests/test_header_gen.py
-- Up-to-date: /home/ivan/repos/magia-sdk-v3/gvsoc/install/python/./tests/test_functional_expression.py
-- Up-to-date: /home/ivan/repos/magia-sdk-v3/gvsoc/install/python/./tests/typecheck
-- Up-to-date: /home/ivan/repos/magia-sdk-v3/gvsoc/install/python/./tests/typecheck/valid_usage.py
-- Up-to-date: /home/ivan/repos/magia-sdk-v3/gvsoc/install/python/./tests/typecheck/invalid_usage.py
-- Up-to-date: /home/ivan/repos/magia-sdk-v3/gvsoc/install/python/./tests/typecheck/__init__.py
-- Up-to-date: /home/ivan/repos/magia-sdk-v3/gvsoc/install/python/./tests/test_snitch_config.py
-- Up-to-date: /home/ivan/repos/magia-sdk-v3/gvsoc/install/python/./tests/test_children.py
-- Up-to-date: /home/ivan/repos/magia-sdk-v3/gvsoc/install/python/./tests/test_default_factory.py
-- Up-to-date: /home/ivan/repos/magia-sdk-v3/gvsoc/install/python/./tests/test_custom_alias.py
-- Up-to-date: /home/ivan/repos/magia-sdk-v3/gvsoc/install/python/./tests/test_hal_gen.py
-- Up-to-date: /home/ivan/repos/magia-sdk-v3/gvsoc/install/python/./tests/snapshots
-- Up-to-date: /home/ivan/repos/magia-sdk-v3/gvsoc/install/python/./tests/snapshots/registers_spi.json
-- Up-to-date: /home/ivan/repos/magia-sdk-v3/gvsoc/install/python/./tests/snapshots/registers_xip.json
-- Up-to-date: /home/ivan/repos/magia-sdk-v3/gvsoc/install/python/./tests/test_alias_validation.py
-- Up-to-date: /home/ivan/repos/magia-sdk-v3/gvsoc/install/python/./tests/test_configs
-- Up-to-date: /home/ivan/repos/magia-sdk-v3/gvsoc/install/python/./tests/test_configs/snitch
-- Up-to-date: /home/ivan/repos/magia-sdk-v3/gvsoc/install/python/./tests/test_configs/snitch/snitch_testbench.py
-- Up-to-date: /home/ivan/repos/magia-sdk-v3/gvsoc/install/python/./tests/test_configs/snitch/memory_config.py
-- Up-to-date: /home/ivan/repos/magia-sdk-v3/gvsoc/install/python/./tests/test_configs/snitch/router_config.py
-- Up-to-date: /home/ivan/repos/magia-sdk-v3/gvsoc/install/python/./tests/test_configs/snitch/snitch_core_config.py
-- Up-to-date: /home/ivan/repos/magia-sdk-v3/gvsoc/install/python/./tests/test_configs/snitch/snitch_testbench_config.py
-- Up-to-date: /home/ivan/repos/magia-sdk-v3/gvsoc/install/python/./tests/__init__.py
-- Up-to-date: /home/ivan/repos/magia-sdk-v3/gvsoc/install/python/./tests/test_define_ops_expression.py
-- Up-to-date: /home/ivan/repos/magia-sdk-v3/gvsoc/install/python/./README.md
-- Up-to-date: /home/ivan/repos/magia-sdk-v3/gvsoc/install/python/./pyproject.toml
-- Up-to-date: /home/ivan/repos/magia-sdk-v3/gvsoc/install/python/./config_tree
-- Up-to-date: /home/ivan/repos/magia-sdk-v3/gvsoc/install/python/./config_tree/header_gen.py
-- Up-to-date: /home/ivan/repos/magia-sdk-v3/gvsoc/install/python/./config_tree/ref_proxy.py
-- Up-to-date: /home/ivan/repos/magia-sdk-v3/gvsoc/install/python/./config_tree/register_field_types.py
-- Up-to-date: /home/ivan/repos/magia-sdk-v3/gvsoc/install/python/./config_tree/hal_gen.py
-- Up-to-date: /home/ivan/repos/magia-sdk-v3/gvsoc/install/python/./config_tree/dump.py
-- Up-to-date: /home/ivan/repos/magia-sdk-v3/gvsoc/install/python/./config_tree/expression
-- Up-to-date: /home/ivan/repos/magia-sdk-v3/gvsoc/install/python/./config_tree/expression/comparison.py
-- Up-to-date: /home/ivan/repos/magia-sdk-v3/gvsoc/install/python/./config_tree/expression/boolean.py
-- Up-to-date: /home/ivan/repos/magia-sdk-v3/gvsoc/install/python/./config_tree/expression/numeric.py
-- Up-to-date: /home/ivan/repos/magia-sdk-v3/gvsoc/install/python/./config_tree/expression/define_ops.py
-- Up-to-date: /home/ivan/repos/magia-sdk-v3/gvsoc/install/python/./config_tree/expression/field_ref.py
-- Up-to-date: /home/ivan/repos/magia-sdk-v3/gvsoc/install/python/./config_tree/expression/__pycache__
-- Up-to-date: /home/ivan/repos/magia-sdk-v3/gvsoc/install/python/./config_tree/expression/__pycache__/__init__.cpython-313.pyc
-- Up-to-date: /home/ivan/repos/magia-sdk-v3/gvsoc/install/python/./config_tree/expression/__pycache__/environment.cpython-313.pyc
-- Up-to-date: /home/ivan/repos/magia-sdk-v3/gvsoc/install/python/./config_tree/expression/__pycache__/field_ref.cpython-313.pyc
-- Up-to-date: /home/ivan/repos/magia-sdk-v3/gvsoc/install/python/./config_tree/expression/__pycache__/define_ops.cpython-313.pyc
-- Up-to-date: /home/ivan/repos/magia-sdk-v3/gvsoc/install/python/./config_tree/expression/__pycache__/boolean.cpython-313.pyc
-- Up-to-date: /home/ivan/repos/magia-sdk-v3/gvsoc/install/python/./config_tree/expression/__pycache__/base.cpython-313.pyc
-- Up-to-date: /home/ivan/repos/magia-sdk-v3/gvsoc/install/python/./config_tree/expression/__pycache__/comparison.cpython-313.pyc
-- Up-to-date: /home/ivan/repos/magia-sdk-v3/gvsoc/install/python/./config_tree/expression/__pycache__/functional.cpython-313.pyc
-- Up-to-date: /home/ivan/repos/magia-sdk-v3/gvsoc/install/python/./config_tree/expression/__pycache__/numeric.cpython-313.pyc
-- Up-to-date: /home/ivan/repos/magia-sdk-v3/gvsoc/install/python/./config_tree/expression/functional.py
-- Up-to-date: /home/ivan/repos/magia-sdk-v3/gvsoc/install/python/./config_tree/expression/base.py
-- Up-to-date: /home/ivan/repos/magia-sdk-v3/gvsoc/install/python/./config_tree/expression/environment.py
-- Up-to-date: /home/ivan/repos/magia-sdk-v3/gvsoc/install/python/./config_tree/expression/__init__.py
-- Up-to-date: /home/ivan/repos/magia-sdk-v3/gvsoc/install/python/./config_tree/md_parser.py
-- Up-to-date: /home/ivan/repos/magia-sdk-v3/gvsoc/install/python/./config_tree/register_types.py
-- Up-to-date: /home/ivan/repos/magia-sdk-v3/gvsoc/install/python/./config_tree/__pycache__
-- Up-to-date: /home/ivan/repos/magia-sdk-v3/gvsoc/install/python/./config_tree/__pycache__/__init__.cpython-313.pyc
-- Up-to-date: /home/ivan/repos/magia-sdk-v3/gvsoc/install/python/./config_tree/__pycache__/ref_proxy.cpython-313.pyc
-- Up-to-date: /home/ivan/repos/magia-sdk-v3/gvsoc/install/python/./config_tree/__pycache__/config.cpython-313.pyc
-- Up-to-date: /home/ivan/repos/magia-sdk-v3/gvsoc/install/python/./config_tree/__pycache__/devices.cpython-313.pyc
-- Up-to-date: /home/ivan/repos/magia-sdk-v3/gvsoc/install/python/./config_tree/__pycache__/fields.cpython-313.pyc
-- Up-to-date: /home/ivan/repos/magia-sdk-v3/gvsoc/install/python/./config_tree/__pycache__/decorators.cpython-313.pyc
-- Up-to-date: /home/ivan/repos/magia-sdk-v3/gvsoc/install/python/./config_tree/__pycache__/register_field_types.cpython-313.pyc
-- Up-to-date: /home/ivan/repos/magia-sdk-v3/gvsoc/install/python/./config_tree/__pycache__/register_types.cpython-313.pyc
-- Up-to-date: /home/ivan/repos/magia-sdk-v3/gvsoc/install/python/./config_tree/__pycache__/dump.cpython-313.pyc
-- Up-to-date: /home/ivan/repos/magia-sdk-v3/gvsoc/install/python/./config_tree/__pycache__/utils.cpython-313.pyc
-- Up-to-date: /home/ivan/repos/magia-sdk-v3/gvsoc/install/python/./config_tree/__pycache__/field_type_alias.cpython-313.pyc
-- Up-to-date: /home/ivan/repos/magia-sdk-v3/gvsoc/install/python/./config_tree/__pycache__/md_parser.cpython-313.pyc
-- Up-to-date: /home/ivan/repos/magia-sdk-v3/gvsoc/install/python/./config_tree/config.py
-- Up-to-date: /home/ivan/repos/magia-sdk-v3/gvsoc/install/python/./config_tree/fields.py
-- Up-to-date: /home/ivan/repos/magia-sdk-v3/gvsoc/install/python/./config_tree/devices.py
-- Up-to-date: /home/ivan/repos/magia-sdk-v3/gvsoc/install/python/./config_tree/utils.py
-- Up-to-date: /home/ivan/repos/magia-sdk-v3/gvsoc/install/python/./config_tree/field_type_alias.py
-- Up-to-date: /home/ivan/repos/magia-sdk-v3/gvsoc/install/python/./config_tree/decorators.py
-- Up-to-date: /home/ivan/repos/magia-sdk-v3/gvsoc/install/python/./config_tree/mappings.py
-- Up-to-date: /home/ivan/repos/magia-sdk-v3/gvsoc/install/python/./config_tree/__init__.py
# Change directory to curdir to avoid issue with symbolic links
cd /home/ivan/repos/magia-sdk-v3/gvsoc && cmake -S . -B build -DCMAKE_BUILD_TYPE=Release \
	-DCMAKE_INSTALL_PREFIX=install \
	-DGVSOC_MODULES="/home/ivan/repos/magia-sdk-v3/gvsoc/engine/python;/home/ivan/repos/magia-sdk-v3/gvsoc/core/models;/home/ivan/repos/magia-sdk-v3/gvsoc/pulp;/home/ivan/repos/magia-sdk-v3/gvsoc/pulp/targets;/home/ivan/repos/magia-sdk-v3/gvsoc/gvrun/python;/home/ivan/repos/magia-sdk-v3/gvsoc/config_tree;" \
	-DGVSOC_TARGETS="magia_v3" \
	-DCMAKE_SKIP_INSTALL_RPATH=false
-- Generating GVSOC config to /home/ivan/repos/magia-sdk-v3/gvsoc/build/gvsoc/configs/magia_v3.config with command: 
--     gapy --target=magia_v3 --target-dir=/home/ivan/repos/magia-sdk-v3/gvsoc/engine/python --target-dir=/home/ivan/repos/magia-sdk-v3/gvsoc/core/models --target-dir=/home/ivan/repos/magia-sdk-v3/gvsoc/pulp --target-dir=/home/ivan/repos/magia-sdk-v3/gvsoc/pulp/targets --target-dir=/home/ivan/repos/magia-sdk-v3/gvsoc/gvrun/python --target-dir=/home/ivan/repos/magia-sdk-v3/gvsoc/config_tree --platform=gvsoc --builddir=/home/ivan/repos/magia-sdk-v3/gvsoc/build/engine --installdir=/home/ivan/repos/magia-sdk-v3/gvsoc/install/models --component-file=/home/ivan/repos/magia-sdk-v3/gvsoc/build/gvsoc/configs/magia_v3.config components --py-stack
Traceback (most recent call last):
  File "/home/ivan/repos/magia-sdk-v3/gvsoc/gapy/bin/gapy", line 34, in <module>
    import gapylib.target
  File "/home/ivan/repos/magia-sdk-v3/gvsoc/gapy/bin/gapylib/target.py", line 33, in <module>
    import gapylib.flash
  File "/home/ivan/repos/magia-sdk-v3/gvsoc/gapy/bin/gapylib/flash.py", line 33, in <module>
    from prettytable import PrettyTable
ModuleNotFoundError: No module named 'prettytable'
CMake Error at engine/CMakeLists.txt:151 (message):
  Caught error while generating gvsoc config


-- Configuring incomplete, errors occurred!
make[1]: *** [Makefile:85: build] Error 1
make[1]: Leaving directory '/home/ivan/repos/magia-sdk-v3/gvsoc'
make: *** [Makefile:296: gvsoc] Error 2
make: Leaving directory '/home/ivan/repos/magia-sdk-v3'
