Planning mobilevit-nodes-170-179.onnx for magia-v3 on a 16x16 Mesh...
[stage formation] selected_stages=8
[allocation] phase=initial_l1_seeding
[allocation] seed stage=0 choose tile_count=1 logical_shape=(1, 1)
[allocation] seed stage=1 choose tile_count=1 logical_shape=(1, 1)
[allocation] seed stage=2 choose tile_count=1 logical_shape=(1, 1)
[allocation] seed stage=3 choose tile_count=1 logical_shape=(1, 1)
[allocation] seed stage=4 choose tile_count=1 logical_shape=(1, 1)
[allocation] seed stage=5 choose tile_count=1 logical_shape=(1, 1)
[allocation] seed stage=6 choose tile_count=1 logical_shape=(1, 1)
[allocation] seed stage=7 choose tile_count=1 logical_shape=(1, 1)
[allocation] sweep=1 objective=((475868.0, 245974.0, 90148.0, 29163.0, 26504.0, 17352.0, 9650.0, 7436.0), 8) used_tiles=8/256
[allocation] sweep=1 stage=0 tile_counts=(1, 2, 3, 4, 5, 7, 8, 9, 15, 16, 17, 31, 32, 33, 63, 64, 65, 127, 128, 129, 249)
[allocation] sweep=1 stage=1 tile_counts=(1, 2, 3, 4, 5, 7, 8, 9, 15, 16, 17, 31, 32, 33, 63, 64, 65, 127, 128, 129, 249)
[allocation] sweep=1 stage=2 tile_counts=(1, 2, 3, 4, 5, 7, 8, 9, 15, 16, 17, 31, 32, 33, 63, 64, 65, 127, 128, 129, 249)
[allocation] sweep=1 stage=3 tile_counts=(1, 2, 3, 4, 5, 7, 8, 9, 15, 16, 17, 31, 32, 33, 63, 64, 65, 127, 128, 129, 249)
[allocation] sweep=1 stage=4 tile_counts=(1, 2, 3, 4, 5, 7, 8, 9, 15, 16, 17, 31, 32, 33, 63, 64, 65, 127, 128, 129, 249)
[allocation] sweep=1 stage=5 tile_counts=(1, 2, 3, 4, 5, 7, 8, 9, 15, 16, 17, 31, 32, 33, 63, 64, 65, 127, 128, 129, 249)
[allocation] sweep=1 stage=6 tile_counts=(1, 2, 3, 4, 5, 7, 8, 9, 15, 16, 17, 31, 32, 33, 63, 64, 65, 127, 128, 129, 249)
[allocation] sweep=1 stage=7 tile_counts=(1, 2, 3, 4, 5, 7, 8, 9, 15, 16, 17, 31, 32, 33, 63, 64, 65, 127, 128, 129, 249)
[allocation] sweep=1 phase=tile_exchanges
[allocation] selected_tile_counts={0: 1, 1: 9, 2: 1, 3: 1, 4: 1, 5: 1, 6: 1, 7: 1} objective=((245974.0, 90148.0, 59124.0, 49259.0, 42504.0, 17352.0, 9650.0, 7436.0), 16) used_tiles=16/256
[allocation] sweep=2 objective=((245974.0, 90148.0, 59124.0, 49259.0, 42504.0, 17352.0, 9650.0, 7436.0), 16) used_tiles=16/256
[allocation] sweep=2 stage=0 tile_counts=(1, 2, 3, 4, 5, 7, 8, 9, 15, 16, 17, 31, 32, 33, 63, 64, 65, 127, 128, 129, 241)
[allocation] sweep=2 stage=1 tile_counts=(1, 2, 3, 4, 5, 7, 8, 9, 10, 15, 16, 17, 18, 31, 32, 33, 63, 64, 65, 127, 128, 129, 249)
[allocation] sweep=2 stage=2 tile_counts=(1, 2, 3, 4, 5, 7, 8, 9, 15, 16, 17, 31, 32, 33, 63, 64, 65, 127, 128, 129, 241)
[allocation] sweep=2 stage=3 tile_counts=(1, 2, 3, 4, 5, 7, 8, 9, 15, 16, 17, 31, 32, 33, 63, 64, 65, 127, 128, 129, 241)
[allocation] sweep=2 stage=4 tile_counts=(1, 2, 3, 4, 5, 7, 8, 9, 15, 16, 17, 31, 32, 33, 63, 64, 65, 127, 128, 129, 241)
[allocation] sweep=2 stage=5 tile_counts=(1, 2, 3, 4, 5, 7, 8, 9, 15, 16, 17, 31, 32, 33, 63, 64, 65, 127, 128, 129, 241)
[allocation] sweep=2 stage=6 tile_counts=(1, 2, 3, 4, 5, 7, 8, 9, 15, 16, 17, 31, 32, 33, 63, 64, 65, 127, 128, 129, 241)
[allocation] sweep=2 stage=7 tile_counts=(1, 2, 3, 4, 5, 7, 8, 9, 15, 16, 17, 31, 32, 33, 63, 64, 65, 127, 128, 129, 241)
[allocation] sweep=2 phase=tile_exchanges
[allocation] selected_tile_counts={0: 1, 1: 9, 2: 1, 3: 1, 4: 1, 5: 1, 6: 1, 7: 9} objective=((90148.0, 59124.0, 49259.0, 42504.0, 37448.0, 36053.0, 9650.0, 7436.0), 24) used_tiles=24/256
[allocation] sweep=3 objective=((90148.0, 59124.0, 49259.0, 42504.0, 37448.0, 36053.0, 9650.0, 7436.0), 24) used_tiles=24/256
[allocation] sweep=3 stage=0 tile_counts=(1, 2, 3, 4, 5, 7, 8, 9, 15, 16, 17, 31, 32, 33, 63, 64, 65, 127, 128, 129, 233)
[allocation] sweep=3 stage=1 tile_counts=(1, 2, 3, 4, 5, 7, 8, 9, 10, 15, 16, 17, 18, 31, 32, 33, 63, 64, 65, 127, 128, 129, 241)
[allocation] sweep=3 stage=2 tile_counts=(1, 2, 3, 4, 5, 7, 8, 9, 15, 16, 17, 31, 32, 33, 63, 64, 65, 127, 128, 129, 233)
[allocation] sweep=3 stage=3 tile_counts=(1, 2, 3, 4, 5, 7, 8, 9, 15, 16, 17, 31, 32, 33, 63, 64, 65, 127, 128, 129, 233)
[allocation] sweep=3 stage=4 tile_counts=(1, 2, 3, 4, 5, 7, 8, 9, 15, 16, 17, 31, 32, 33, 63, 64, 65, 127, 128, 129, 233)
[allocation] sweep=3 stage=5 tile_counts=(1, 2, 3, 4, 5, 7, 8, 9, 15, 16, 17, 31, 32, 33, 63, 64, 65, 127, 128, 129, 233)
[allocation] sweep=3 stage=6 tile_counts=(1, 2, 3, 4, 5, 7, 8, 9, 15, 16, 17, 31, 32, 33, 63, 64, 65, 127, 128, 129, 233)
[allocation] sweep=3 stage=7 tile_counts=(1, 2, 3, 4, 5, 7, 8, 9, 10, 15, 16, 17, 18, 31, 32, 33, 63, 64, 65, 127, 128, 129, 241)
[allocation] sweep=3 phase=tile_exchanges
[allocation] selected_tile_counts={0: 1, 1: 9, 2: 1, 3: 1, 4: 4, 5: 1, 6: 1, 7: 9} objective=((59124.0, 49259.0, 48504.0, 43480.0, 36053.0, 33133.0, 15650.0, 7436.0), 27) used_tiles=27/256
[allocation] sweep=4 objective=((59124.0, 49259.0, 48504.0, 43480.0, 36053.0, 33133.0, 15650.0, 7436.0), 27) used_tiles=27/256
[allocation] sweep=4 stage=0 tile_counts=(1, 2, 3, 4, 5, 7, 8, 9, 15, 16, 17, 31, 32, 33, 63, 64, 65, 127, 128, 129, 230)
[allocation] sweep=4 stage=1 tile_counts=(1, 2, 3, 4, 5, 7, 8, 9, 10, 15, 16, 17, 18, 31, 32, 33, 63, 64, 65, 127, 128, 129, 238)
[allocation] sweep=4 stage=2 tile_counts=(1, 2, 3, 4, 5, 7, 8, 9, 15, 16, 17, 31, 32, 33, 63, 64, 65, 127, 128, 129, 230)
[allocation] sweep=4 stage=3 tile_counts=(1, 2, 3, 4, 5, 7, 8, 9, 15, 16, 17, 31, 32, 33, 63, 64, 65, 127, 128, 129, 230)
[allocation] sweep=4 stage=4 tile_counts=(1, 2, 3, 4, 5, 7, 8, 9, 15, 16, 17, 31, 32, 33, 63, 64, 65, 127, 128, 129, 233)
[allocation] sweep=4 stage=5 tile_counts=(1, 2, 3, 4, 5, 7, 8, 9, 15, 16, 17, 31, 32, 33, 63, 64, 65, 127, 128, 129, 230)
[allocation] sweep=4 stage=6 tile_counts=(1, 2, 3, 4, 5, 7, 8, 9, 15, 16, 17, 31, 32, 33, 63, 64, 65, 127, 128, 129, 230)
[allocation] sweep=4 stage=7 tile_counts=(1, 2, 3, 4, 5, 7, 8, 9, 10, 15, 16, 17, 18, 31, 32, 33, 63, 64, 65, 127, 128, 129, 238)
[allocation] sweep=4 phase=tile_exchanges
[allocation] selected_tile_counts={0: 1, 1: 10, 2: 1, 3: 1, 4: 3, 5: 1, 6: 1, 7: 9} objective=((53641.0, 51771.0, 49605.0, 48504.0, 41512.0, 36053.0, 13652.0, 7436.0), 27) used_tiles=27/256
[allocation] sweep=5 objective=((53641.0, 51771.0, 49605.0, 48504.0, 41512.0, 36053.0, 13652.0, 7436.0), 27) used_tiles=27/256
[allocation] sweep=5 stage=0 tile_counts=(1, 2, 3, 4, 5, 7, 8, 9, 15, 16, 17, 31, 32, 33, 63, 64, 65, 127, 128, 129, 230)
[allocation] sweep=5 stage=1 tile_counts=(1, 2, 3, 4, 5, 7, 8, 9, 10, 11, 15, 16, 17, 20, 31, 32, 33, 63, 64, 65, 127, 128, 129, 239)
[allocation] sweep=5 stage=2 tile_counts=(1, 2, 3, 4, 5, 7, 8, 9, 15, 16, 17, 31, 32, 33, 63, 64, 65, 127, 128, 129, 230)
[allocation] sweep=5 stage=3 tile_counts=(1, 2, 3, 4, 5, 7, 8, 9, 15, 16, 17, 31, 32, 33, 63, 64, 65, 127, 128, 129, 230)
[allocation] sweep=5 stage=4 tile_counts=(1, 2, 3, 4, 5, 6, 7, 8, 9, 15, 16, 17, 31, 32, 33, 63, 64, 65, 127, 128, 129, 232)
[allocation] sweep=5 stage=5 tile_counts=(1, 2, 3, 4, 5, 7, 8, 9, 15, 16, 17, 31, 32, 33, 63, 64, 65, 127, 128, 129, 230)
[allocation] sweep=5 stage=6 tile_counts=(1, 2, 3, 4, 5, 7, 8, 9, 15, 16, 17, 31, 32, 33, 63, 64, 65, 127, 128, 129, 230)
[allocation] sweep=5 stage=7 tile_counts=(1, 2, 3, 4, 5, 7, 8, 9, 10, 15, 16, 17, 18, 31, 32, 33, 63, 64, 65, 127, 128, 129, 238)
[allocation] sweep=5 phase=tile_exchanges
[allocation] selected_tile_counts={0: 1, 1: 10, 2: 1, 3: 1, 4: 3, 5: 1, 6: 1, 7: 8} objective=((53641.0, 51771.0, 49605.0, 48504.0, 39000.0, 37911.0, 13652.0, 7436.0), 26) used_tiles=26/256
[allocation] sweep=6 objective=((53641.0, 51771.0, 49605.0, 48504.0, 39000.0, 37911.0, 13652.0, 7436.0), 26) used_tiles=26/256
[allocation] sweep=6 stage=0 tile_counts=(1, 2, 3, 4, 5, 7, 8, 9, 15, 16, 17, 31, 32, 33, 63, 64, 65, 127, 128, 129, 231)
[allocation] sweep=6 stage=1 tile_counts=(1, 2, 3, 4, 5, 7, 8, 9, 10, 11, 15, 16, 17, 20, 31, 32, 33, 63, 64, 65, 127, 128, 129, 240)
[allocation] sweep=6 stage=2 tile_counts=(1, 2, 3, 4, 5, 7, 8, 9, 15, 16, 17, 31, 32, 33, 63, 64, 65, 127, 128, 129, 231)
[allocation] sweep=6 stage=3 tile_counts=(1, 2, 3, 4, 5, 7, 8, 9, 15, 16, 17, 31, 32, 33, 63, 64, 65, 127, 128, 129, 231)
[allocation] sweep=6 stage=4 tile_counts=(1, 2, 3, 4, 5, 6, 7, 8, 9, 15, 16, 17, 31, 32, 33, 63, 64, 65, 127, 128, 129, 233)
[allocation] sweep=6 stage=5 tile_counts=(1, 2, 3, 4, 5, 7, 8, 9, 15, 16, 17, 31, 32, 33, 63, 64, 65, 127, 128, 129, 231)
[allocation] sweep=6 stage=6 tile_counts=(1, 2, 3, 4, 5, 7, 8, 9, 15, 16, 17, 31, 32, 33, 63, 64, 65, 127, 128, 129, 231)
[allocation] sweep=6 stage=7 tile_counts=(1, 2, 3, 4, 5, 7, 8, 9, 15, 16, 17, 31, 32, 33, 63, 64, 65, 127, 128, 129, 238)
[allocation] sweep=6 phase=tile_exchanges
[allocation] no_global_improvement_available
[allocation] final_tile_counts={0: 1, 1: 10, 2: 1, 3: 1, 4: 3, 5: 1, 6: 1, 7: 8}
[allocation] final_logical_shapes={0: (1, 1), 1: (10, 1), 2: (1, 1), 3: (1, 1), 4: (3, 1), 5: (1, 1), 6: (1, 1), 7: (8, 1)}
[allocation] final_stage_metric_breakdown:
  stage=0 nodes=/base_module/stages/stages.4/stages.4.1/transformer/transformer.0/norm1/InstanceNormalization_fused_groupnorm__scaled_sum+/base_module/stages/stages.4/stages.4.1/transformer/transformer.0/norm1/InstanceNormalization_fused_groupnorm__allreduce_sum+/base_module/stages/stages.4/stages.4.1/transformer/transformer.0/norm1/InstanceNormalization_fused_groupnorm__scaled_centered_sumsq+/base_module/stages/stages.4/stages.4.1/transformer/transformer.0/norm1/InstanceNormalization_fused_groupnorm__allreduce_variance+/base_module/stages/stages.4/stages.4.1/transformer/transformer.0/norm1/InstanceNormalization_fused_groupnorm__normalize stage_latency=24139 communication=27632 service_cycles=51771.0
  stage=1 nodes=/base_module/stages/stages.4/stages.4.1/transformer/transformer.0/attn/qkv_proj/Conv__input_0_im2col_float16+/base_module/stages/stages.4/stages.4.1/transformer/transformer.0/attn/qkv_proj/Conv__output_0_gemm_float16 stage_latency=49025 communication=4616 service_cycles=53641.0
    cost_diagnostic=provisional Conv-to-GEMM transform estimate pending measured bytes-read/bytes-written/core-L1 models
  stage=2 nodes=/base_module/stages/stages.4/stages.4.1/transformer/transformer.0/attn/Split stage_latency=16448 communication=32056 service_cycles=48504.0
  stage=3 nodes=/base_module/stages/stages.4/stages.4.1/transformer/transformer.0/attn/Softmax__reduce_max+/base_module/stages/stages.4/stages.4.1/transformer/transformer.0/attn/Softmax__allreduce_max+/base_module/stages/stages.4/stages.4.1/transformer/transformer.0/attn/Softmax__sub+/base_module/stages/stages.4/stages.4.1/transformer/transformer.0/attn/Softmax__softmax_exp+/base_module/stages/stages.4/stages.4.1/transformer/transformer.0/attn/Softmax__reduce_sum+/base_module/stages/stages.4/stages.4.1/transformer/transformer.0/attn/Softmax__allreduce_sum+/base_module/stages/stages.4/stages.4.1/transformer/transformer.0/attn/Softmax__div stage_latency=5642 communication=8010 service_cycles=13652.0
  stage=4 nodes=/base_module/stages/stages.4/stages.4.1/transformer/transformer.0/attn/Mul+/base_module/stages/stages.4/stages.4.1/transformer/transformer.0/attn/ReduceSum__local+/base_module/stages/stages.4/stages.4.1/transformer/transformer.0/attn/ReduceSum__allreduce stage_latency=43379 communication=6226 service_cycles=49605.0
  stage=5 nodes=/base_module/stages/stages.4/stages.4.1/transformer/transformer.0/attn/Relu stage_latency=2412 communication=5024 service_cycles=7436.0
  stage=6 nodes=/base_module/stages/stages.4/stages.4.1/transformer/transformer.0/attn/Mul_1 stage_latency=10296 communication=28704 service_cycles=39000.0
  stage=7 nodes=/base_module/stages/stages.4/stages.4.1/transformer/transformer.0/attn/out_proj/Conv__input_0_im2col_float16+/base_module/stages/stages.4/stages.4.1/transformer/transformer.0/attn/out_proj/Conv__output_0_gemm_float16+/base_module/stages/stages.4/stages.4.1/transformer/transformer.0/Add stage_latency=31271 communication=6640 service_cycles=37911.0
    cost_diagnostic=provisional Conv-to-GEMM transform estimate pending measured bytes-read/bytes-written/core-L1 models
[placement] phase=virtual_analysis
[placement] stage_order=(1, 7, 4, 0, 6, 2, 5, 3) communication_degree={0: 163840, 1: 196736, 2: 65792, 3: 256, 4: 19584, 5: 32768, 6: 150528, 7: 131072} bottleneck_risk={0: 16384, 1: 16384, 2: 32896, 3: 128, 4: 6192, 5: 16384, 6: 19456, 7: 18432} l2_pressure={0: 16384, 1: 0, 2: 0, 3: 0, 4: 0, 5: 0, 6: 0, 7: 32768}
[placement] phase=initial_seeding stage_order=(1, 7, 4, 0, 6, 2, 5, 3)
[placement] seeded stage=1 target=(7.50,7.50) tiles=[115, 116, 117, 118, 119, 120, 121, 122, 123, 124]
[placement] seeded stage=7 target=(0.00,7.50) tiles=[64, 80, 96, 112, 128, 144, 160, 176]
[placement] seeded stage=4 target=(7.50,7.50) tiles=[134, 135, 136]
[placement] seeded stage=0 target=(6.82,7.05) tiles=[103]
[placement] seeded stage=6 target=(0.16,7.51) tiles=[129]
[placement] seeded stage=2 target=(7.33,7.33) tiles=[104]
[placement] seeded stage=5 target=(4.50,7.00) tiles=[100]
[placement] seeded stage=3 target=(7.50,7.00) tiles=[87]
[placement] phase=initial_placement objective=(45319.0, 43379.0, 32928.0, 8836.0, 5642.0, 4128.0, 1037.0, 864.0) worst_tile=103
[placement] iter=0 objective=(45319.0, 43379.0, 32928.0, 8836.0, 5642.0, 4128.0, 1037.0, 864.0) worst_tile=103 worst_stage=0 repair_candidates=[([0, 1], 'direct_0_to_1'), ([0, 5], 'l2_blocker'), ([0, 2], 'physical_neighbor_2'), ([0, 3], 'physical_neighbor_3')]
[placement] repair_regions stages=[0, 1]
[placement] iter=0 region=[0, 1] reason=direct_0_to_1 trial_objective=(45393.0, 43379.0, 32928.0, 8836.0, 5642.0, 4128.0, 1037.0, 864.0)
[placement] repair_regions stages=[0, 5]
[placement] iter=0 region=[0, 5] reason=l2_blocker trial_objective=(45319.0, 43379.0, 32928.0, 8836.0, 5642.0, 4128.0, 1037.0, 864.0)
[placement] repair_regions stages=[0, 2]
[placement] iter=0 region=[0, 2] reason=physical_neighbor_2 trial_objective=(45319.0, 43379.0, 32928.0, 8836.0, 5642.0, 4128.0, 1037.0, 864.0)
[placement] repair_regions stages=[0, 3]
[placement] iter=0 region=[0, 3] reason=physical_neighbor_3 trial_objective=(45319.0, 43379.0, 32928.0, 8836.0, 5642.0, 4128.0, 1037.0, 864.0)
[placement] iter=0 no_improving_repair_found

[placement] chosen physical submeshes for ownership_aware:
  stage=0 name=/base_module/stages/stages.4/stages.4.1/transformer/transformer.0/norm1/InstanceNormalization_fused_groupnorm__scaled_sum+/base_module/stages/stages.4/stages.4.1/transformer/transformer.0/norm1/InstanceNormalization_fused_groupnorm__allreduce_sum+/base_module/stages/stages.4/stages.4.1/transformer/transformer.0/norm1/InstanceNormalization_fused_groupnorm__scaled_centered_sumsq+/base_module/stages/stages.4/stages.4.1/transformer/transformer.0/norm1/InstanceNormalization_fused_groupnorm__allreduce_variance+/base_module/stages/stages.4/stages.4.1/transformer/transformer.0/norm1/InstanceNormalization_fused_groupnorm__normalize bbox=(7,6,1,1) tiles=[103] virtual_to_physical={0: 103}
  stage=1 name=/base_module/stages/stages.4/stages.4.1/transformer/transformer.0/attn/qkv_proj/Conv__input_0_im2col_float16+/base_module/stages/stages.4/stages.4.1/transformer/transformer.0/attn/qkv_proj/Conv__output_0_gemm_float16 bbox=(3,7,10,1) tiles=[115, 116, 117, 118, 119, 120, 121, 122, 123, 124] virtual_to_physical={0: 119, 1: 120, 2: 118, 3: 121, 4: 117, 5: 122, 6: 116, 7: 123, 8: 115, 9: 124}
  stage=2 name=/base_module/stages/stages.4/stages.4.1/transformer/transformer.0/attn/Split bbox=(8,6,1,1) tiles=[104] virtual_to_physical={0: 104}
  stage=3 name=/base_module/stages/stages.4/stages.4.1/transformer/transformer.0/attn/Softmax__reduce_max+/base_module/stages/stages.4/stages.4.1/transformer/transformer.0/attn/Softmax__allreduce_max+/base_module/stages/stages.4/stages.4.1/transformer/transformer.0/attn/Softmax__sub+/base_module/stages/stages.4/stages.4.1/transformer/transformer.0/attn/Softmax__softmax_exp+/base_module/stages/stages.4/stages.4.1/transformer/transformer.0/attn/Softmax__reduce_sum+/base_module/stages/stages.4/stages.4.1/transformer/transformer.0/attn/Softmax__allreduce_sum+/base_module/stages/stages.4/stages.4.1/transformer/transformer.0/attn/Softmax__div bbox=(7,5,1,1) tiles=[87] virtual_to_physical={0: 87}
  stage=4 name=/base_module/stages/stages.4/stages.4.1/transformer/transformer.0/attn/Mul+/base_module/stages/stages.4/stages.4.1/transformer/transformer.0/attn/ReduceSum__local+/base_module/stages/stages.4/stages.4.1/transformer/transformer.0/attn/ReduceSum__allreduce bbox=(6,8,3,1) tiles=[134, 135, 136] virtual_to_physical={0: 136, 1: 135, 2: 134}
  stage=5 name=/base_module/stages/stages.4/stages.4.1/transformer/transformer.0/attn/Relu bbox=(4,6,1,1) tiles=[100] virtual_to_physical={0: 100}
  stage=6 name=/base_module/stages/stages.4/stages.4.1/transformer/transformer.0/attn/Mul_1 bbox=(1,8,1,1) tiles=[129] virtual_to_physical={0: 129}
  stage=7 name=/base_module/stages/stages.4/stages.4.1/transformer/transformer.0/attn/out_proj/Conv__input_0_im2col_float16+/base_module/stages/stages.4/stages.4.1/transformer/transformer.0/attn/out_proj/Conv__output_0_gemm_float16+/base_module/stages/stages.4/stages.4.1/transformer/transformer.0/Add bbox=(0,4,1,8) tiles=[64, 80, 96, 112, 128, 144, 160, 176] virtual_to_physical={0: 128, 1: 112, 2: 144, 3: 96, 4: 160, 5: 80, 6: 176, 7: 64}
Placement mesh:
. . . . . . . . . . . . . . . .
. . . . . . . . . . . . . . . .
. . . . . . . . . . . . . . . .
. . . . . . . . . . . . . . . .
7 . . . . . . . . . . . . . . .
7 . . . . . . 3 . . . . . . . .
7 . . . 5 . . 0 2 . . . . . . .
7 . . 1 1 1 1 1 1 1 1 1 1 . . .
7 6 . . . . 4 4 4 . . . . . . .
7 . . . . . . . . . . . . . . .
7 . . . . . . . . . . . . . . .
7 . . . . . . . . . . . . . . .
. . . . . . . . . . . . . . . .
. . . . . . . . . . . . . . . .
. . . . . . . . . . . . . . . .
. . . . . . . . . . . . . . . .
[placement] stage physical bottlenecks for ownership_aware:
  stage=0 name=/base_module/stages/stages.4/stages.4.1/transformer/transformer.0/norm1/InstanceNormalization_fused_groupnorm__scaled_sum+/base_module/stages/stages.4/stages.4.1/transformer/transformer.0/norm1/InstanceNormalization_fused_groupnorm__allreduce_sum+/base_module/stages/stages.4/stages.4.1/transformer/transformer.0/norm1/InstanceNormalization_fused_groupnorm__scaled_centered_sumsq+/base_module/stages/stages.4/stages.4.1/transformer/transformer.0/norm1/InstanceNormalization_fused_groupnorm__allreduce_variance+/base_module/stages/stages.4/stages.4.1/transformer/transformer.0/norm1/InstanceNormalization_fused_groupnorm__normalize tile=103 l2_read=4129 l2_write=0 l1_write=41190 stage_latency=24139 weighted_bottleneck=45319.0
  stage=1 name=/base_module/stages/stages.4/stages.4.1/transformer/transformer.0/attn/qkv_proj/Conv__input_0_im2col_float16+/base_module/stages/stages.4/stages.4.1/transformer/transformer.0/attn/qkv_proj/Conv__output_0_gemm_float16 tile=116 l2_read=0 l2_write=0 l1_write=864 stage_latency=0 weighted_bottleneck=864.0
  stage=2 name=/base_module/stages/stages.4/stages.4.1/transformer/transformer.0/attn/Split tile=104 l2_read=0 l2_write=0 l1_write=8836 stage_latency=0 weighted_bottleneck=8836.0
  stage=3 name=/base_module/stages/stages.4/stages.4.1/transformer/transformer.0/attn/Softmax__reduce_max+/base_module/stages/stages.4/stages.4.1/transformer/transformer.0/attn/Softmax__allreduce_max+/base_module/stages/stages.4/stages.4.1/transformer/transformer.0/attn/Softmax__sub+/base_module/stages/stages.4/stages.4.1/transformer/transformer.0/attn/Softmax__softmax_exp+/base_module/stages/stages.4/stages.4.1/transformer/transformer.0/attn/Softmax__reduce_sum+/base_module/stages/stages.4/stages.4.1/transformer/transformer.0/attn/Softmax__allreduce_sum+/base_module/stages/stages.4/stages.4.1/transformer/transformer.0/attn/Softmax__div tile=87 l2_read=0 l2_write=0 l1_write=108 stage_latency=5642 weighted_bottleneck=5642.0
  stage=4 name=/base_module/stages/stages.4/stages.4.1/transformer/transformer.0/attn/Mul+/base_module/stages/stages.4/stages.4.1/transformer/transformer.0/attn/ReduceSum__local+/base_module/stages/stages.4/stages.4.1/transformer/transformer.0/attn/ReduceSum__allreduce tile=134 l2_read=0 l2_write=0 l1_write=288 stage_latency=43379 weighted_bottleneck=43379.0
  stage=5 name=/base_module/stages/stages.4/stages.4.1/transformer/transformer.0/attn/Relu tile=100 l2_read=0 l2_write=0 l1_write=4128 stage_latency=0 weighted_bottleneck=4128.0
  stage=6 name=/base_module/stages/stages.4/stages.4.1/transformer/transformer.0/attn/Mul_1 tile=129 l2_read=0 l2_write=0 l1_write=32928 stage_latency=0 weighted_bottleneck=32928.0
  stage=7 name=/base_module/stages/stages.4/stages.4.1/transformer/transformer.0/attn/out_proj/Conv__input_0_im2col_float16+/base_module/stages/stages.4/stages.4.1/transformer/transformer.0/attn/out_proj/Conv__output_0_gemm_float16+/base_module/stages/stages.4/stages.4.1/transformer/transformer.0/Add tile=64 l2_read=517 l2_write=520 l1_write=0 stage_latency=0 weighted_bottleneck=1037.0
[placement] bottleneck for ownership_aware worst_stage_bottleneck=45319.0 objective=(45319.0, 43379.0, 32928.0, 8836.0, 5642.0, 4128.0, 1037.0, 864.0)
[planner] execution_plan_stage_cost=49025.0 (worst_stage_latency=49025 worst_external_communication=45319)
Generating the MAGIA Application...
MAGIA Application: /tmp/mobilevit-scaled-16-application
Target: magia-v3
Mesh: 16x16
Execution Tokens: 2
Active tiles: 26
SDK handoff: copy this directory into the MAGIA SDK application tree and register it with add_subdirectory(maps_mobilevit_slice).
elapsed_seconds=49.22 peak_rss_kb=86388
